../../Middlewares/ST/touchgfx/framework/include/touchgfx/Screen.hpp:104:18:virtual void touchgfx::Screen::afterTransition()	0	static
../../Middlewares/ST/touchgfx/framework/include/touchgfx/Screen.hpp:144:18:virtual void touchgfx::Screen::handleTickEvent()	0	static
../../TouchGFX/generated/gui_generated/include/gui_generated/mainscreen_screen/MainScreenViewBase.hpp:27:18:virtual void MainScreenViewBase::resetGame()	0	static
C:/Embedded/STM32F429ZIT6_Game2048/2048/TouchGFX/gui/src/mainscreen_screen/MainScreenView.cpp:60:6:virtual void MainScreenView::tearDownScreen()	0	static
../../TouchGFX/gui/include/gui/mainscreen_screen/MainScreenView.hpp:11:13:MainScreenView::~MainScreenView()	8	static
../../TouchGFX/gui/include/gui/mainscreen_screen/MainScreenView.hpp:11:13:virtual MainScreenView::~MainScreenView()	8	static
C:/Embedded/STM32F429ZIT6_Game2048/2048/TouchGFX/gui/src/mainscreen_screen/MainScreenView.cpp:10:10:uint32_t myRand()	0	static
C:/Embedded/STM32F429ZIT6_Game2048/2048/TouchGFX/gui/src/mainscreen_screen/MainScreenView.cpp:15:1:MainScreenView::MainScreenView()	8	static
C:/Embedded/STM32F429ZIT6_Game2048/2048/TouchGFX/gui/src/mainscreen_screen/MainScreenView.cpp:104:6:void MainScreenView::updateScoreText()	8	static
C:/Embedded/STM32F429ZIT6_Game2048/2048/TouchGFX/gui/src/mainscreen_screen/MainScreenView.cpp:110:6:void MainScreenView::moveLeft()	72	static
C:/Embedded/STM32F429ZIT6_Game2048/2048/TouchGFX/gui/src/mainscreen_screen/MainScreenView.cpp:148:6:void MainScreenView::moveRight()	72	static
C:/Embedded/STM32F429ZIT6_Game2048/2048/TouchGFX/gui/src/mainscreen_screen/MainScreenView.cpp:185:6:void MainScreenView::moveUp()	64	static
C:/Embedded/STM32F429ZIT6_Game2048/2048/TouchGFX/gui/src/mainscreen_screen/MainScreenView.cpp:222:6:void MainScreenView::moveDown()	64	static
C:/Embedded/STM32F429ZIT6_Game2048/2048/TouchGFX/gui/src/mainscreen_screen/MainScreenView.cpp:333:6:void MainScreenView::navigateToGameOverScreen()	8	static
C:/Embedded/STM32F429ZIT6_Game2048/2048/TouchGFX/gui/src/mainscreen_screen/MainScreenView.cpp:337:6:bool MainScreenView::isGameOver()	24	static
C:/Embedded/STM32F429ZIT6_Game2048/2048/TouchGFX/gui/src/mainscreen_screen/MainScreenView.cpp:289:6:void MainScreenView::spawnRandomTile()	160	static
C:/Embedded/STM32F429ZIT6_Game2048/2048/TouchGFX/gui/src/mainscreen_screen/MainScreenView.cpp:64:6:virtual void MainScreenView::handleGestureEvent(const touchgfx::GestureEvent&)	8	static
C:/Embedded/STM32F429ZIT6_Game2048/2048/TouchGFX/gui/src/mainscreen_screen/MainScreenView.cpp:260:6:virtual void MainScreenView::handleKeyEvent(uint8_t)	8	static
C:/Embedded/STM32F429ZIT6_Game2048/2048/TouchGFX/gui/src/mainscreen_screen/MainScreenView.cpp:39:6:virtual void MainScreenView::setupScreen()	24	static
