../../Middlewares/ST/touchgfx/framework/include/touchgfx/Screen.hpp:104:18:virtual void touchgfx::Screen::afterTransition()	0	static
../../Middlewares/ST/touchgfx/framework/include/touchgfx/Screen.hpp:144:18:virtual void touchgfx::Screen::handleTickEvent()	0	static
../../TouchGFX/generated/gui_generated/include/gui_generated/mainscreen_screen/MainScreenViewBase.hpp:27:18:virtual void MainScreenViewBase::resetGame()	0	static
C:/TouchGFXProjects/2048/TouchGFX/gui/src/mainscreen_screen/MainScreenView.cpp:53:6:virtual void MainScreenView::tearDownScreen()	0	static
../../TouchGFX/gui/include/gui/mainscreen_screen/MainScreenView.hpp:11:13:MainScreenView::~MainScreenView()	8	static
../../TouchGFX/gui/include/gui/mainscreen_screen/MainScreenView.hpp:11:13:virtual MainScreenView::~MainScreenView()	8	static
C:/TouchGFXProjects/2048/TouchGFX/gui/src/mainscreen_screen/MainScreenView.cpp:8:1:MainScreenView::MainScreenView()	8	static
C:/TouchGFXProjects/2048/TouchGFX/gui/src/mainscreen_screen/MainScreenView.cpp:93:6:void MainScreenView::updateScoreText()	8	static
C:/TouchGFXProjects/2048/TouchGFX/gui/src/mainscreen_screen/MainScreenView.cpp:99:6:void MainScreenView::moveLeft()	72	static
C:/TouchGFXProjects/2048/TouchGFX/gui/src/mainscreen_screen/MainScreenView.cpp:137:6:void MainScreenView::moveRight()	72	static
C:/TouchGFXProjects/2048/TouchGFX/gui/src/mainscreen_screen/MainScreenView.cpp:174:6:void MainScreenView::moveUp()	64	static
C:/TouchGFXProjects/2048/TouchGFX/gui/src/mainscreen_screen/MainScreenView.cpp:211:6:void MainScreenView::moveDown()	64	static
C:/TouchGFXProjects/2048/TouchGFX/gui/src/mainscreen_screen/MainScreenView.cpp:315:6:void MainScreenView::navigateToGameOverScreen()	8	static
C:/TouchGFXProjects/2048/TouchGFX/gui/src/mainscreen_screen/MainScreenView.cpp:319:6:bool MainScreenView::isGameOver()	24	static
C:/TouchGFXProjects/2048/TouchGFX/gui/src/mainscreen_screen/MainScreenView.cpp:57:6:virtual void MainScreenView::handleGestureEvent(const touchgfx::GestureEvent&)	8	static
C:/TouchGFXProjects/2048/TouchGFX/gui/src/mainscreen_screen/MainScreenView.cpp:278:6:void MainScreenView::spawnRandomTile()	160	static
C:/TouchGFXProjects/2048/TouchGFX/gui/src/mainscreen_screen/MainScreenView.cpp:249:6:virtual void MainScreenView::handleKeyEvent(uint8_t)	8	static
C:/TouchGFXProjects/2048/TouchGFX/gui/src/mainscreen_screen/MainScreenView.cpp:32:6:virtual void MainScreenView::setupScreen()	24	static
