../../Middlewares/ST/touchgfx/framework/include/touchgfx/Screen.hpp:104:18:virtual void touchgfx::Screen::afterTransition()	0	static
../../Middlewares/ST/touchgfx/framework/include/touchgfx/Screen.hpp:144:18:virtual void touchgfx::Screen::handleTickEvent()	0	static
C:/Embedded/STM32F429ZIT6_Game2048/2048/TouchGFX/gui/src/screen3x3_screen/Screen3x3View.cpp:43:6:virtual void Screen3x3View::tearDownScreen()	0	static
../../TouchGFX/gui/include/gui/screen3x3_screen/Screen3x3View.hpp:11:13:Screen3x3View::~Screen3x3View()	8	static
../../TouchGFX/gui/include/gui/screen3x3_screen/Screen3x3View.hpp:11:13:virtual Screen3x3View::~Screen3x3View()	8	static
C:/Embedded/STM32F429ZIT6_Game2048/2048/TouchGFX/gui/src/screen3x3_screen/Screen3x3View.cpp:8:1:Screen3x3View::Screen3x3View()	8	static
C:/Embedded/STM32F429ZIT6_Game2048/2048/TouchGFX/gui/src/screen3x3_screen/Screen3x3View.cpp:83:6:void Screen3x3View::updateScoreText()	8	static
C:/Embedded/STM32F429ZIT6_Game2048/2048/TouchGFX/gui/src/screen3x3_screen/Screen3x3View.cpp:89:6:void Screen3x3View::moveLeft()	72	static
C:/Embedded/STM32F429ZIT6_Game2048/2048/TouchGFX/gui/src/screen3x3_screen/Screen3x3View.cpp:127:6:void Screen3x3View::moveRight()	64	static
C:/Embedded/STM32F429ZIT6_Game2048/2048/TouchGFX/gui/src/screen3x3_screen/Screen3x3View.cpp:164:6:void Screen3x3View::moveUp()	64	static
C:/Embedded/STM32F429ZIT6_Game2048/2048/TouchGFX/gui/src/screen3x3_screen/Screen3x3View.cpp:201:6:void Screen3x3View::moveDown()	64	static
C:/Embedded/STM32F429ZIT6_Game2048/2048/TouchGFX/gui/src/screen3x3_screen/Screen3x3View.cpp:305:6:void Screen3x3View::navigateToGameOverScreen()	8	static
C:/Embedded/STM32F429ZIT6_Game2048/2048/TouchGFX/gui/src/screen3x3_screen/Screen3x3View.cpp:309:6:bool Screen3x3View::isGameOver()	24	static
C:/Embedded/STM32F429ZIT6_Game2048/2048/TouchGFX/gui/src/screen3x3_screen/Screen3x3View.cpp:47:6:virtual void Screen3x3View::handleGestureEvent(const touchgfx::GestureEvent&)	8	static
C:/Embedded/STM32F429ZIT6_Game2048/2048/TouchGFX/gui/src/screen3x3_screen/Screen3x3View.cpp:268:6:void Screen3x3View::spawnRandomTile()	104	static
C:/Embedded/STM32F429ZIT6_Game2048/2048/TouchGFX/gui/src/screen3x3_screen/Screen3x3View.cpp:239:6:virtual void Screen3x3View::handleKeyEvent(uint8_t)	8	static
C:/Embedded/STM32F429ZIT6_Game2048/2048/TouchGFX/gui/src/screen3x3_screen/Screen3x3View.cpp:23:6:virtual void Screen3x3View::setupScreen()	16	static
