../../Middlewares/ST/touchgfx/framework/include/touchgfx/Screen.hpp:104:18:virtual void touchgfx::Screen::afterTransition()	0	static
../../Middlewares/ST/touchgfx/framework/include/touchgfx/Screen.hpp:144:18:virtual void touchgfx::Screen::handleTickEvent()	0	static
../../Middlewares/ST/touchgfx/framework/include/touchgfx/Screen.hpp:154:18:virtual void touchgfx::Screen::handleKeyEvent(uint8_t)	0	static
../../TouchGFX/generated/gui_generated/include/gui_generated/selectedgamedesign_screen/SelectedGameDesignViewBase.hpp:24:18:virtual void SelectedGameDesignViewBase::onBtn5x5Clicked()	0	static
C:/TouchGFXProjects/2048/TouchGFX/gui/src/selectedgamedesign_screen/SelectedGameDesignView.cpp:13:6:virtual void SelectedGameDesignView::tearDownScreen()	0	static
../../TouchGFX/gui/include/gui/selectedgamedesign_screen/SelectedGameDesignView.hpp:11:13:SelectedGameDesignView::~SelectedGameDesignView()	8	static
../../TouchGFX/gui/include/gui/selectedgamedesign_screen/SelectedGameDesignView.hpp:11:13:virtual SelectedGameDesignView::~SelectedGameDesignView()	8	static
C:/TouchGFXProjects/2048/TouchGFX/gui/src/selectedgamedesign_screen/SelectedGameDesignView.cpp:3:1:SelectedGameDesignView::SelectedGameDesignView()	8	static
C:/TouchGFXProjects/2048/TouchGFX/gui/src/selectedgamedesign_screen/SelectedGameDesignView.cpp:8:6:virtual void SelectedGameDesignView::setupScreen()	0	static
