../../Middlewares/ST/touchgfx/framework/include/touchgfx/Application.hpp:72:18:virtual void touchgfx::Application::changeToStartScreen()	0	static
../../Middlewares/ST/touchgfx/framework/include/touchgfx/Application.hpp:91:18:virtual void touchgfx::Application::appSwitchScreen(uint8_t)	0	static
../../Middlewares/ST/touchgfx/framework/include/touchgfx/Application.hpp:104:18:virtual void touchgfx::Application::requestRedraw(touchgfx::Rect&)	0	static
../../Middlewares/ST/touchgfx/framework/include/touchgfx/transitions/Transition.hpp:72:18:virtual void touchgfx::Transition::tearDown()	0	static
../../Middlewares/ST/touchgfx/framework/include/touchgfx/transitions/Transition.hpp:80:18:virtual void touchgfx::Transition::init()	0	static
../../Middlewares/ST/touchgfx/framework/include/touchgfx/transitions/Transition.hpp:100:18:virtual void touchgfx::Transition::setScreenContainer(touchgfx::Container&)	0	static
../../Middlewares/ST/touchgfx/framework/include/mvp/MVPApplication.hpp:43:7:touchgfx::MVPApplication::~MVPApplication()	0	static
../../Middlewares/ST/touchgfx/framework/include/touchgfx/Callback.hpp:424:8:touchgfx::Callback<FrontendApplicationBase>::~Callback()	0	static
../../TouchGFX/generated/gui_generated/include/gui_generated/common/FrontendApplicationBase.hpp:16:13:FrontendApplicationBase::~FrontendApplicationBase()	0	static
../../TouchGFX/generated/gui_generated/include/gui_generated/common/FrontendApplicationBase.hpp:18:18:virtual void FrontendApplicationBase::changeToStartScreen()	0	static
../../Middlewares/ST/touchgfx/framework/include/touchgfx/transitions/NoTransition.hpp:35:18:virtual void touchgfx::NoTransition::handleTickEvent()	0	static
../../Middlewares/ST/touchgfx/framework/include/touchgfx/transitions/BlockTransition.hpp:101:18:virtual void touchgfx::BlockTransition::tearDown()	0	static
../../Middlewares/ST/touchgfx/framework/include/touchgfx/transitions/BlockTransition.hpp:105:18:virtual void touchgfx::BlockTransition::init()	0	static
../../Middlewares/ST/touchgfx/framework/include/touchgfx/transitions/BlockTransition.hpp:114:18:virtual void touchgfx::BlockTransition::invalidate()	0	static
../../Middlewares/ST/touchgfx/framework/include/touchgfx/transitions/SlideTransition.hpp:39:7:touchgfx::SlideTransition<touchgfx::EAST>::~SlideTransition()	0	static
../../Middlewares/ST/touchgfx/framework/include/touchgfx/transitions/CoverTransition.hpp:36:7:touchgfx::CoverTransition<touchgfx::EAST>::~CoverTransition()	0	static
../../Middlewares/ST/touchgfx/framework/include/touchgfx/transitions/BlockTransition.hpp:32:7:touchgfx::BlockTransition::~BlockTransition()	0	static
../../Middlewares/ST/touchgfx/framework/include/touchgfx/transitions/NoTransition.hpp:31:7:touchgfx::NoTransition::~NoTransition()	0	static
../../Middlewares/ST/touchgfx/framework/include/touchgfx/transitions/CoverTransition.hpp:163:18:void touchgfx::CoverTransition<templateDirection>::init() [with touchgfx::Direction templateDirection = touchgfx::EAST]	16	static
../../Middlewares/ST/touchgfx/framework/include/touchgfx/Callback.hpp:449:18:void touchgfx::Callback<dest_type, void, void, void>::execute() [with dest_type = FrontendApplicationBase]	4	static
../../Middlewares/ST/touchgfx/framework/include/touchgfx/Callback.hpp:459:18:bool touchgfx::Callback<dest_type, void, void, void>::isValid() const [with dest_type = FrontendApplicationBase]	0	static
../../Middlewares/ST/touchgfx/framework/include/touchgfx/transitions/BlockTransition.hpp:32:7:virtual touchgfx::BlockTransition::~BlockTransition()	8	static
../../Middlewares/ST/touchgfx/framework/include/touchgfx/transitions/NoTransition.hpp:31:7:virtual touchgfx::NoTransition::~NoTransition()	8	static
../../Middlewares/ST/touchgfx/framework/include/touchgfx/transitions/CoverTransition.hpp:36:7:virtual touchgfx::CoverTransition<touchgfx::EAST>::~CoverTransition()	8	static
../../Middlewares/ST/touchgfx/framework/include/touchgfx/Callback.hpp:424:8:virtual touchgfx::Callback<FrontendApplicationBase>::~Callback()	8	static
../../Middlewares/ST/touchgfx/framework/include/mvp/MVPApplication.hpp:43:7:virtual touchgfx::MVPApplication::~MVPApplication()	8	static
../../TouchGFX/generated/gui_generated/include/gui_generated/common/FrontendApplicationBase.hpp:16:13:virtual FrontendApplicationBase::~FrontendApplicationBase()	8	static
../../Middlewares/ST/touchgfx/framework/include/touchgfx/transitions/SlideTransition.hpp:39:7:virtual touchgfx::SlideTransition<touchgfx::EAST>::~SlideTransition()	8	static
../../Middlewares/ST/touchgfx/framework/include/touchgfx/transitions/Transition.hpp:89:18:virtual void touchgfx::Transition::invalidate()	8	static
../../Middlewares/ST/touchgfx/framework/include/touchgfx/transitions/CoverTransition.hpp:187:18:void touchgfx::CoverTransition<templateDirection>::invalidate() [with touchgfx::Direction templateDirection = touchgfx::EAST]	8	static
../../Middlewares/ST/touchgfx/framework/include/touchgfx/transitions/BlockTransition.hpp:62:18:virtual void touchgfx::BlockTransition::handleTickEvent()	216	static
../../Middlewares/ST/touchgfx/framework/include/touchgfx/transitions/CoverTransition.hpp:76:18:void touchgfx::CoverTransition<templateDirection>::handleTickEvent() [with touchgfx::Direction templateDirection = touchgfx::EAST]	24	static
../../Middlewares/ST/touchgfx/framework/include/touchgfx/transitions/SlideTransition.hpp:146:18:void touchgfx::SlideTransition<templateDirection>::tearDown() [with touchgfx::Direction templateDirection = touchgfx::EAST]	0	static
../../Middlewares/ST/touchgfx/framework/include/touchgfx/transitions/SlideTransition.hpp:154:18:void touchgfx::SlideTransition<templateDirection>::init() [with touchgfx::Direction templateDirection = touchgfx::EAST]	16	static
../../Middlewares/ST/touchgfx/framework/include/mvp/MVPApplication.hpp:59:18:virtual void touchgfx::MVPApplication::handlePendingScreenTransition()	8	static
../../Middlewares/ST/touchgfx/framework/include/touchgfx/transitions/SlideTransition.hpp:87:18:void touchgfx::SlideTransition<templateDirection>::handleTickEvent() [with touchgfx::Direction templateDirection = touchgfx::EAST]	16	static
C:/Embedded/STM32F429ZIT6_Game2048/2048/TouchGFX/generated/gui_generated/src/common/FrontendApplicationBase.cpp:61:6:void FrontendApplicationBase::gotoGameOverScreenScreenSlideTransitionEastImpl()	40	static
../../Middlewares/ST/touchgfx/framework/include/touchgfx/hal/HAL.hpp:308:17:static touchgfx::LCD& touchgfx::HAL::lcd()	0	static
C:/Embedded/STM32F429ZIT6_Game2048/2048/TouchGFX/generated/gui_generated/src/common/FrontendApplicationBase.cpp:23:1:FrontendApplicationBase::FrontendApplicationBase(Model&, FrontendHeap&)	24	static
C:/Embedded/STM32F429ZIT6_Game2048/2048/TouchGFX/generated/gui_generated/src/common/FrontendApplicationBase.cpp:42:6:void FrontendApplicationBase::gotoMainScreenScreenCoverTransitionEast()	0	static
C:/Embedded/STM32F429ZIT6_Game2048/2048/TouchGFX/generated/gui_generated/src/common/FrontendApplicationBase.cpp:55:6:void FrontendApplicationBase::gotoGameOverScreenScreenSlideTransitionEast()	0	static
C:/Embedded/STM32F429ZIT6_Game2048/2048/TouchGFX/generated/gui_generated/src/common/FrontendApplicationBase.cpp:68:6:void FrontendApplicationBase::gotoSelectedGameDesignScreenNoTransition()	0	static
C:/Embedded/STM32F429ZIT6_Game2048/2048/TouchGFX/generated/gui_generated/src/common/FrontendApplicationBase.cpp:79:6:void FrontendApplicationBase::gotoSelectedGameDesignScreenBlockTransition()	0	static
C:/Embedded/STM32F429ZIT6_Game2048/2048/TouchGFX/generated/gui_generated/src/common/FrontendApplicationBase.cpp:90:6:void FrontendApplicationBase::gotoSelectedGameDesignScreenCoverTransitionEast()	0	static
C:/Embedded/STM32F429ZIT6_Game2048/2048/TouchGFX/generated/gui_generated/src/common/FrontendApplicationBase.cpp:103:6:void FrontendApplicationBase::gotoScreen3x3ScreenCoverTransitionEast()	0	static
../../Middlewares/ST/touchgfx/framework/include/common/AbstractPartition.hpp:135:8:T& touchgfx::AbstractPartition::at(uint16_t) [with T = touchgfx::CoverTransition<touchgfx::EAST>]	0	static
C:/Embedded/STM32F429ZIT6_Game2048/2048/TouchGFX/generated/gui_generated/src/common/FrontendApplicationBase.cpp:109:6:void FrontendApplicationBase::gotoScreen3x3ScreenCoverTransitionEastImpl()	40	static
C:/Embedded/STM32F429ZIT6_Game2048/2048/TouchGFX/generated/gui_generated/src/common/FrontendApplicationBase.cpp:48:6:void FrontendApplicationBase::gotoMainScreenScreenCoverTransitionEastImpl()	40	static
../../Middlewares/ST/touchgfx/framework/include/common/AbstractPartition.hpp:135:8:T& touchgfx::AbstractPartition::at(uint16_t) [with T = SelectedGameDesignView]	0	static
../../Middlewares/ST/touchgfx/framework/include/common/AbstractPartition.hpp:135:8:T& touchgfx::AbstractPartition::at(uint16_t) [with T = SelectedGameDesignPresenter]	0	static
C:/Embedded/STM32F429ZIT6_Game2048/2048/TouchGFX/generated/gui_generated/src/common/FrontendApplicationBase.cpp:96:6:void FrontendApplicationBase::gotoSelectedGameDesignScreenCoverTransitionEastImpl()	40	static
C:/Embedded/STM32F429ZIT6_Game2048/2048/TouchGFX/generated/gui_generated/src/common/FrontendApplicationBase.cpp:85:6:void FrontendApplicationBase::gotoSelectedGameDesignScreenBlockTransitionImpl()	32	static
C:/Embedded/STM32F429ZIT6_Game2048/2048/TouchGFX/generated/gui_generated/src/common/FrontendApplicationBase.cpp:74:6:void FrontendApplicationBase::gotoSelectedGameDesignScreenNoTransitionImpl()	40	static
